<?xml version="1.0" encoding="utf-8"?>
<!-- Generated by JetBrains Inspect Code 2026.2.2 -->
<Report ToolsVersion="262.0.20260909.164805">
  <Information>
    <Solution>Smart.Mapper.slnx</Solution>
    <InspectionScope>
      <Element>Solution</Element>
    </InspectionScope>
  </Information>
  <IssueTypes>
    <IssueType Id="ConvertTypeCheckPatternToNullCheck" Category="Potential Code Quality Issues" CategoryId="CodeSmell" Description="Use null check pattern instead of a type check succeeding on any not-null value" Severity="WARNING" WikiUrl="https://www.jetbrains.com/help/resharper/ConvertTypeCheckPatternToNullCheck.html" />
    <IssueType Id="MergeCastWithTypeCheck" Category="Potential Code Quality Issues" CategoryId="CodeSmell" Description="Type check and casts can be merged" Severity="SUGGESTION" WikiUrl="https://www.jetbrains.com/help/resharper/MergeCastWithTypeCheck.html" />
    <IssueType Id="MissingBlankLines" Category="Formatting" CategoryId="FormattingIssues" SubCategory="Incorrect blank lines" Description="Incorrect blank lines: Blank lines are missing elsewhere" Severity="WARNING" WikiUrl="https://www.jetbrains.com/help/resharper/MissingBlankLines.html" />
    <IssueType Id="ParameterTypeCanBeEnumerable.Local" Category="Common Practices and Code Improvements" CategoryId="BestPractice" SubCategory="Parameter type can be IEnumerable&lt;T&gt;" Description="Parameter type can be IEnumerable&lt;T&gt;: Private accessibility" Severity="SUGGESTION" WikiUrl="https://www.jetbrains.com/help/resharper/ParameterTypeCanBeEnumerable.Local.html" />
    <IssueType Id="RedundantArgumentDefaultValue" Category="Redundancies in Code" CategoryId="CodeRedundancy" Description="Redundant argument with default value" Severity="WARNING" WikiUrl="https://www.jetbrains.com/help/resharper/RedundantArgumentDefaultValue.html" />
    <IssueType Id="RedundantOverriddenMember" Category="Redundancies in Symbol Declarations" CategoryId="DeclarationRedundancy" Description="Redundant member override" Severity="WARNING" WikiUrl="https://www.jetbrains.com/help/resharper/RedundantOverriddenMember.html" />
    <IssueType Id="RedundantTypeArgumentsOfMethod" Category="Redundancies in Code" CategoryId="CodeRedundancy" Description="Redundant type arguments of method" Severity="WARNING" WikiUrl="https://www.jetbrains.com/help/resharper/RedundantTypeArgumentsOfMethod.html" />
    <IssueType Id="RedundantTypeDeclarationBody" Category="Redundancies in Code" CategoryId="CodeRedundancy" Description="Redundant type declaration body" Severity="SUGGESTION" WikiUrl="https://www.jetbrains.com/help/resharper/RedundantTypeDeclarationBody.html" />
    <IssueType Id="RedundantUsingDirective" Category="Redundancies in Code" CategoryId="CodeRedundancy" Description="Redundant using directive" Severity="WARNING" WikiUrl="https://www.jetbrains.com/help/resharper/RedundantUsingDirective.html" />
    <IssueType Id="SimplifyLinqExpressionUseAll" Category="Common Practices and Code Improvements" CategoryId="BestPractice" Description="Simplify LINQ expression (use 'All')" Severity="SUGGESTION" WikiUrl="https://www.jetbrains.com/help/resharper/SimplifyLinqExpressionUseAll.html" />
    <IssueType Id="UnassignedGetOnlyAutoProperty" Category="Common Practices and Code Improvements" CategoryId="BestPractice" Description="Get-only auto-property is never assigned" Severity="WARNING" WikiUrl="https://www.jetbrains.com/help/resharper/UnassignedGetOnlyAutoProperty.html" />
    <IssueType Id="UnusedTypeParameter" Category="Redundancies in Symbol Declarations" CategoryId="DeclarationRedundancy" Description="Unused type parameter" Severity="WARNING" WikiUrl="https://www.jetbrains.com/help/resharper/UnusedTypeParameter.html" />
  </IssueTypes>
  <Issues>
    <Project Name="Smart.Mapper.Generator">
      <Issue TypeId="ConvertTypeCheckPatternToNullCheck" File="Smart.Mapper.Generator\MapperModelBuilder.cs" Offset="1524-1537" Line="33" Message="Use not null pattern instead of a type check succeeding on any not-null value" />
      <Issue TypeId="ParameterTypeCanBeEnumerable.Local" File="Smart.Mapper.Generator\MapperModelBuilder.cs" Offset="22768-22790" Line="451" Message="Parameter can be of type 'IEnumerable&lt;INamedTypeSymbol&gt;'" />
      <Issue TypeId="ParameterTypeCanBeEnumerable.Local" File="Smart.Mapper.Generator\MapperModelBuilder.cs" Offset="22928-22950" Line="454" Message="Parameter can be of type 'IEnumerable&lt;INamedTypeSymbol&gt;'" />
      <Issue TypeId="ParameterTypeCanBeEnumerable.Local" File="Smart.Mapper.Generator\MapperModelBuilder.cs" Offset="61374-61387" Line="1168" Message="Parameter can be of type 'IEnumerable&lt;ISymbol&gt;'" />
      <Issue TypeId="MergeCastWithTypeCheck" File="Smart.Mapper.Generator\MapperModelBuilder.cs" Offset="61429-61431" Line="1169" Message="Merge cast with type check" />
      <Issue TypeId="MergeCastWithTypeCheck" File="Smart.Mapper.Generator\MapperModelBuilder.cs" Offset="61488-61490" Line="1170" Message="Merge cast with type check" />
      <Issue TypeId="SimplifyLinqExpressionUseAll" File="Smart.Mapper.Generator\MapperModelBuilder.cs" Offset="262382-262439" Line="5068" Message="Simplify LINQ expression (use 'All')" />
      <Issue TypeId="ParameterTypeCanBeEnumerable.Local" File="Smart.Mapper.Generator\MapperModelBuilder.cs" Offset="279676-279706" Line="5383" Message="Parameter can be of type 'IEnumerable&lt;IPropertySymbol&gt;'" />
    </Project>
    <Project Name="Smart.Mapper.Generator.Tests">
      <Issue TypeId="RedundantUsingDirective" File="Smart.Mapper.Generator.Tests\CompositeConversionMessageTests.cs" Offset="72-90" Line="4" Message="Using directive is not required by the code and can be safely removed" />
      <Issue TypeId="RedundantUsingDirective" File="Smart.Mapper.Generator.Tests\DateTimeDefaultFormatTests.cs" Offset="72-90" Line="4" Message="Using directive is not required by the code and can be safely removed" />
      <Issue TypeId="RedundantUsingDirective" File="Smart.Mapper.Generator.Tests\GenericMethodTests.cs" Offset="43-70" Line="3" Message="Using directive is not required by the code and can be safely removed" />
      <Issue TypeId="RedundantUsingDirective" File="Smart.Mapper.Generator.Tests\NullableStructSourceTests.cs" Offset="72-90" Line="4" Message="Using directive is not required by the code and can be safely removed" />
      <Issue TypeId="RedundantArgumentDefaultValue" File="Smart.Mapper.Generator.Tests\ObliviousNullHandlingTests.cs" Offset="6282-6333" Line="124" Message="The parameter 'mapper' has the same default value" />
      <Issue TypeId="RedundantUsingDirective" File="Smart.Mapper.Generator.Tests\ObsoleteConstructorTests.cs" Offset="43-70" Line="3" Message="Using directive is not required by the code and can be safely removed" />
      <Issue TypeId="RedundantUsingDirective" File="Smart.Mapper.Generator.Tests\ObsoleteConversionTests.cs" Offset="43-70" Line="3" Message="Using directive is not required by the code and can be safely removed" />
      <Issue TypeId="RedundantUsingDirective" File="Smart.Mapper.Generator.Tests\ObsoleteMemberTests.cs" Offset="43-70" Line="3" Message="Using directive is not required by the code and can be safely removed" />
    </Project>
    <Project Name="Smart.Mapper.Tests">
      <Issue TypeId="RedundantTypeArgumentsOfMethod" File="Smart.Mapper.Tests\ConstantAndTargetMappingTests.cs" Offset="827-832" Line="20" Message="Type argument specification is redundant" />
      <Issue TypeId="RedundantTypeArgumentsOfMethod" File="Smart.Mapper.Tests\ConstantAndTargetMappingTests.cs" Offset="888-897" Line="21" Message="Type argument specification is redundant" />
      <Issue TypeId="RedundantTypeArgumentsOfMethod" File="Smart.Mapper.Tests\ConstantAndTargetMappingTests.cs" Offset="2169-2174" Line="49" Message="Type argument specification is redundant" />
      <Issue TypeId="MissingBlankLines" File="Smart.Mapper.Tests\GlobalUsing.cs" Offset="99-100" Line="4" Message="Blank lines are missing, expected minimum 1 instead of 0" />
      <Issue TypeId="RedundantTypeDeclarationBody" File="Smart.Mapper.Tests\Models\AnnotationAndInitializerModels.cs" Offset="1856-1860" Line="73" Message="Redundant empty class declaration body" />
      <Issue TypeId="UnusedTypeParameter" File="Smart.Mapper.Tests\Models\CollectionModels.cs" Offset="10873-10880" Line="391" Message="Type parameter 'TMarker' is never used" />
      <Issue TypeId="UnassignedGetOnlyAutoProperty" File="Smart.Mapper.Tests\Models\CollectionModels.cs" Offset="11519-11524" Line="412" Message="Get-only auto-property 'Items' is never assigned" />
      <Issue TypeId="RedundantTypeDeclarationBody" File="Smart.Mapper.Tests\Models\CollectionModels.cs" Offset="11814-11818" Line="422" Message="Redundant empty class declaration body" />
      <Issue TypeId="RedundantTypeDeclarationBody" File="Smart.Mapper.Tests\Models\CollectionModels.cs" Offset="11876-11880" Line="426" Message="Redundant empty class declaration body" />
      <Issue TypeId="RedundantTypeDeclarationBody" File="Smart.Mapper.Tests\Models\CollectionModels.cs" Offset="14330-14334" Line="511" Message="Redundant empty class declaration body" />
      <Issue TypeId="RedundantOverriddenMember" File="Smart.Mapper.Tests\Models\MiscModels.cs" Offset="10099-10133" Line="422" Message="Redundant property override" />
      <Issue TypeId="RedundantOverriddenMember" File="Smart.Mapper.Tests\Models\MiscModels.cs" Offset="10141-10184" Line="424" Message="Redundant property override" />
      <Issue TypeId="UnassignedGetOnlyAutoProperty" File="Smart.Mapper.Tests\Models\NestedModels.cs" Offset="3247-3254" Line="151" Message="Get-only auto-property 'Missing' is never assigned" />
      <Issue TypeId="RedundantTypeDeclarationBody" File="Smart.Mapper.Tests\Models\NestedModels.cs" Offset="3767-3771" Line="170" Message="Redundant empty class declaration body" />
    </Project>
  </Issues>
</Report>